{
  "Stacks": [
    [],
    [
      "M",
      "C"
    ],
    [
      "P",
      "D",
      "N",
      "Z"
    ]
  ],
  "Actions": [
    {
      "Src": 2,
      "Dst": 1,
      "Amount": 2
    },
    {
      "Src": 1,
      "Dst": 2,
      "Amount": 1
    }
  ]
}