{
  "Stacks": [
    [
      "C"
    ],
    [
      "M"
    ],
    [
      "P",
      "D",
      "N",
      "Z"
    ]
  ],
  "Actions": []
}