{
  "Stacks": [
    [
      "C",
      "M"
    ],
    [],
    [
      "P",
      "D",
      "N",
      "Z"
    ]
  ],
  "Actions": [
    {
      "Src": 1,
      "Dst": 2,
      "Amount": 1
    }
  ]
}