[
  {
    "X": 3,
    "Y": 1
  },
  {
    "X": 2,
    "Y": 1
  }
]