[
  {
    "Input": "init",
    "World": [
      {
        "X": 0,
        "Y": 4
      },
      {
        "X": 0,
        "Y": 4
      }
    ]
  },
  {
    "Input": "R 4",
    "World": [
      {
        "X": 4,
        "Y": 4
      },
      {
        "X": 3,
        "Y": 4
      }
    ]
  },
  {
    "Input": "U 4",
    "World": [
      {
        "X": 4,
        "Y": 0
      },
      {
        "X": 4,
        "Y": 1
      }
    ]
  },
  {
    "Input": "L 3",
    "World": [
      {
        "X": 1,
        "Y": 0
      },
      {
        "X": 2,
        "Y": 0
      }
    ]
  },
  {
    "Input": "D 1",
    "World": [
      {
        "X": 1,
        "Y": 1
      },
      {
        "X": 2,
        "Y": 0
      }
    ]
  },
  {
    "Input": "R 4",
    "World": [
      {
        "X": 5,
        "Y": 1
      },
      {
        "X": 4,
        "Y": 1
      }
    ]
  },
  {
    "Input": "D 1",
    "World": [
      {
        "X": 5,
        "Y": 2
      },
      {
        "X": 4,
        "Y": 1
      }
    ]
  },
  {
    "Input": "L 5",
    "World": [
      {
        "X": 0,
        "Y": 2
      },
      {
        "X": 1,
        "Y": 2
      }
    ]
  },
  {
    "Input": "R 2",
    "World": [
      {
        "X": 2,
        "Y": 2
      },
      {
        "X": 1,
        "Y": 2
      }
    ]
  }
]