[
  {
    "X": 1,
    "Y": 3
  },
  {
    "X": 1,
    "Y": 2
  }
]