== Initial State ==

......
......
......
......
H.....

== R 4 ==

......
......
......
......
TH....

......
......
......
......
sTH...

......
......
......
......
s.TH..

......
......
......
......
s..TH.

== U 4 ==

......
......
......
....H.
s..T..

......
......
....H.
....T.
s.....

......
....H.
....T.
......
s.....

....H.
....T.
......
......
s.....

== L 3 ==

...H..
....T.
......
......
s.....

..HT..
......
......
......
s.....

.HT...
......
......
......
s.....

== D 1 ==

..T...
.H....
......
......
s.....

== R 4 ==

..T...
..H...
......
......
s.....

..T...
...H..
......
......
s.....

......
...TH.
......
......
s.....

......
....TH
......
......
s.....

== D 1 ==

......
....T.
.....H
......
s.....

== L 5 ==

......
....T.
....H.
......
s.....

......
....T.
...H..
......
s.....

......
......
..HT..
......
s.....

......
......
.HT...
......
s.....

......
......
HT....
......
s.....

== R 2 ==

......
......
.H....
......
s.....

......
......
.TH...
......
s.....

