s.....
......
......
......
H.....

H.....
.1....
..2...
......
......
