[0]={{%!s(int=5) %!s(int=7)} {%!s(int=7) %!s(int=9)}}
[1]={{%!s(int=2) %!s(int=8)} {%!s(int=3) %!s(int=7)}}